6.250000
4.000000
24.000000
2.718282
7.389056
1.648721
1.098612
0.916291
1.414214
0.758531
